// Jest Snapshot v1, https://goo.gl/fbAQLP

exports[`Add Franchise Page should match snapshot 1`] = `
<div
  data-auth-provider="true"
>
  <div
    data-theme-provider="true"
  >
    <div
      data-testid="mock-permission-guard"
    >
      <div
        data-testid="mock-breadcrumb-wrapper"
      />
      <div
        data-testid="mock-franchiseform"
      />
    </div>
  </div>
</div>
`;
