// Jest Snapshot v1, https://goo.gl/fbAQLP

exports[`Add Franchise Page should match snapshot 1`] = `
<div
  data-theme-provider="true"
>
  <div
    data-testid="mock-sectionheader"
    subtitle="Crear una nueva franquicia en el sistema"
    title="Agregar Franquicia"
  />
  <div
    data-testid="mock-franchiseform"
  />
</div>
`;
