// Jest Snapshot v1, https://goo.gl/fbAQLP

exports[`View User Page should match snapshot 1`] = `
<div
  data-theme-provider="true"
>
  <div
    data-testid="mock-sectionheader"
    subtitle="Información completa de Test User"
    title="Detalles del Usuario"
  />
  <div
    data-testid="mock-card"
  >
    <div
      data-testid="mock-cardcontent"
    >
      <div
        data-testid="mock-grid2"
        spacing="3"
      >
        <div
          data-testid="mock-grid2"
          size="12"
        >
          <div
            data-testid="mock-box"
            sx="[object Object]"
          >
            <div
              alt="Test User"
              data-testid="mock-avatar"
              sx="[object Object]"
            >
              T
            </div>
            <div
              data-testid="mock-box"
            >
              <div
                data-testid="mock-typography"
                font-weight="bold"
                variant="h5"
              >
                Test User
              </div>
              <div
                color="text.secondary"
                data-testid="mock-typography"
                variant="body1"
              >
                test@example.com
              </div>
            </div>
          </div>
        </div>
        <div
          data-testid="mock-grid2"
        >
          <div
            data-testid="mock-typography"
            variant="h6"
          >
            Información Personal
          </div>
          <div
            data-testid="mock-box"
            sx="[object Object]"
          >
            <div
              color="text.secondary"
              data-testid="mock-typography"
              variant="body2"
            >
              Nombre Completo
            </div>
            <div
              data-testid="mock-typography"
              font-weight="bold"
              variant="body1"
            >
              Test User
            </div>
          </div>
          <div
            data-testid="mock-box"
            sx="[object Object]"
          >
            <div
              color="text.secondary"
              data-testid="mock-typography"
              variant="body2"
            >
              Email
            </div>
            <div
              data-testid="mock-typography"
              variant="body1"
            >
              test@example.com
            </div>
          </div>
          <div
            data-testid="mock-box"
            sx="[object Object]"
          >
            <div
              color="text.secondary"
              data-testid="mock-typography"
              variant="body2"
            >
              Nombre de Usuario
            </div>
            <div
              data-testid="mock-typography"
              variant="body1"
            >
              N/A
            </div>
          </div>
        </div>
        <div
          data-testid="mock-grid2"
        >
          <div
            data-testid="mock-typography"
            variant="h6"
          >
            Estado y Permisos
          </div>
          <div
            data-testid="mock-box"
            sx="[object Object]"
          >
            <div
              color="text.secondary"
              data-testid="mock-typography"
              variant="body2"
            >
              Estado
            </div>
            <div
              aria-label="Activo"
              color="success"
              data-testid="mock-chip"
            >
              Activo
            </div>
          </div>
          <div
            data-testid="mock-box"
            sx="[object Object]"
          >
            <div
              color="text.secondary"
              data-testid="mock-typography"
              variant="body2"
            >
              Acceso al Admin
            </div>
            <div
              aria-label="No"
              color="default"
              data-testid="mock-chip"
            >
              No
            </div>
          </div>
          <div
            data-testid="mock-box"
            sx="[object Object]"
          >
            <div
              color="text.secondary"
              data-testid="mock-typography"
              variant="body2"
            >
              Superusuario
            </div>
            <div
              aria-label="No"
              color="default"
              data-testid="mock-chip"
            >
              No
            </div>
          </div>
        </div>
        <div
          data-testid="mock-grid2"
        >
          <div
            data-testid="mock-typography"
            variant="h6"
          >
            Grupos y Permisos
          </div>
          <div
            data-testid="mock-box"
            sx="[object Object]"
          >
            <div
              color="text.secondary"
              data-testid="mock-typography"
              variant="body2"
            >
              Grupos
            </div>
            <div
              data-testid="mock-box"
              sx="[object Object]"
            >
              <div
                color="text.secondary"
                data-testid="mock-typography"
                variant="body2"
              >
                Sin grupos asignados
              </div>
            </div>
          </div>
        </div>
        <div
          data-testid="mock-grid2"
        >
          <div
            data-testid="mock-typography"
            variant="h6"
          >
            Información de Acceso
          </div>
          <div
            data-testid="mock-box"
            sx="[object Object]"
          >
            <div
              color="text.secondary"
              data-testid="mock-typography"
              variant="body2"
            >
              Fecha de Registro
            </div>
            <div
              data-testid="mock-typography"
              variant="body1"
            >
              1/1/2023
            </div>
          </div>
          <div
            data-testid="mock-box"
            sx="[object Object]"
          >
            <div
              color="text.secondary"
              data-testid="mock-typography"
              variant="body2"
            >
              Último Acceso
            </div>
            <div
              data-testid="mock-typography"
              variant="body1"
            >
              1/1/2023
            </div>
          </div>
        </div>
      </div>
    </div>
  </div>
</div>
`;
