// Jest Snapshot v1, https://goo.gl/fbAQLP

exports[`Franchises Page should match snapshot 1`] = `
<div
  data-theme-provider="true"
>
  <div
    data-testid="mock-franchises-table"
  >
    <h1>
      Franquicias
    </h1>
    <div
      data-testid="franchises-table-content"
    >
      <button>
        Agregar Franquicia
      </button>
      <table>
        <thead>
          <tr>
            <th>
              Nombre
            </th>
            <th>
              Tipo
            </th>
            <th>
              Acciones
            </th>
          </tr>
        </thead>
        <tbody>
          <tr>
            <td>
              Test Franchise
            </td>
            <td>
              Commercial
            </td>
            <td>
              <button>
                Ver
              </button>
              <button>
                Editar
              </button>
            </td>
          </tr>
        </tbody>
      </table>
    </div>
  </div>
</div>
`;
